/Users/samuel/Desktop/uds-0.0.227-py2.7/scratch/esp32_can_bridge/esp32_can_bridge.ino: In function 'void parseSLCAN(String, Stream&)':
/Users/samuel/Desktop/uds-0.0.227-py2.7/scratch/esp32_can_bridge/esp32_can_bridge.ino:261:18: error: 'TWAI_TIMING_CONFIG_10KBITS' was not declared in this scope; did you mean 'TWAI_TIMING_CONFIG_50KBITS'?
  261 |       t_config = TWAI_TIMING_CONFIG_10KBITS();
      |                  ^~~~~~~~~~~~~~~~~~~~~~~~~~
      |                  TWAI_TIMING_CONFIG_50KBITS
/Users/samuel/Desktop/uds-0.0.227-py2.7/scratch/esp32_can_bridge/esp32_can_bridge.ino:264:18: error: 'TWAI_TIMING_CONFIG_20KBITS' was not declared in this scope; did you mean 'TWAI_TIMING_CONFIG_25KBITS'?
  264 |       t_config = TWAI_TIMING_CONFIG_20KBITS();
      |                  ^~~~~~~~~~~~~~~~~~~~~~~~~~
      |                  TWAI_TIMING_CONFIG_25KBITS
Multiple libraries were found for "WiFi.h"
  Used: /Users/samuel/Library/Arduino15/packages/esp32/hardware/esp32/3.3.8/libraries/WiFi
  Not used: /Users/samuel/Documents/Arduino/libraries/WiFiEspAT

[92mUsed library[0m [92mVersion[0m [90mPath[0m
[93mESPmDNS[0m      3.3.8   [90m/Users/samuel/Library/Arduino15/packages/esp32/hardware/esp32/3.3.8/libraries/ESPmDNS[0m
[93mPreferences[0m  3.3.8   [90m/Users/samuel/Library/Arduino15/packages/esp32/hardware/esp32/3.3.8/libraries/Preferences[0m
[93mWebServer[0m    3.3.8   [90m/Users/samuel/Library/Arduino15/packages/esp32/hardware/esp32/3.3.8/libraries/WebServer[0m
[93mFS[0m           3.3.8   [90m/Users/samuel/Library/Arduino15/packages/esp32/hardware/esp32/3.3.8/libraries/FS[0m
[93mNetworking[0m   3.3.8   [90m/Users/samuel/Library/Arduino15/packages/esp32/hardware/esp32/3.3.8/libraries/Network[0m
[93mWiFi[0m         3.3.8   [90m/Users/samuel/Library/Arduino15/packages/esp32/hardware/esp32/3.3.8/libraries/WiFi[0m
[93mHash[0m         3.3.8   [90m/Users/samuel/Library/Arduino15/packages/esp32/hardware/esp32/3.3.8/libraries/Hash[0m

[92mUsed platform[0m [92mVersion[0m [90mPath[0m
[93mesp32:esp32[0m   3.3.8   [90m/Users/samuel/Library/Arduino15/packages/esp32/hardware/esp32/3.3.8[0m
Error during build: exit status 1
